Microchip MPLAB XC8 Compiler V2.40

Linker command line:

-W-3 \
  --edf=C:\Program Files\Microchip\xc8\v2.40\pic\dat\20220703182018_en.msgs \
  -cn \
  -h+dist/default/production\TrafficLaightSystemBasedOn_Pic18f4620.production.sym \
  --cmf=dist/default/production\TrafficLaightSystemBasedOn_Pic18f4620.production.cmf \
  -z -Q18F4620 -oC:\Users\MOUSTAFA\AppData\Local\Temp\xcAs4io.8 \
  --defsym=__MPLAB_BUILD=1 --fixupoverflow=error \
  -Mdist/default/production/TrafficLaightSystemBasedOn_Pic18f4620.production.map \
  --md=C:\Users\MOUSTAFA\AppData\Local\Temp\xcEs4io.dat -E1 \
  -ver=XC8 Compiler --acfsm=1493 -ACODE=00h-0FFFFh -ACONST=00h-0FFFFh \
  -ASMALLCONST=01000h-010FFhx240 -AMEDIUMCONST=01000h-0FFFFh \
  -ACOMRAM=01h-07Fh -AABS1=00h-0F7Fh -ABIGRAM=01h-0F7Fh \
  -ARAM=080h-0FFh,0100h-01FFhx14,0F00h-0F7Fh -ABANK0=080h-0FFh \
  -ABANK1=0100h-01FFh -ABANK2=0200h-02FFh -ABANK3=0300h-03FFh \
  -ABANK4=0400h-04FFh -ABANK5=0500h-05FFh -ABANK6=0600h-06FFh \
  -ABANK7=0700h-07FFh -ABANK8=0800h-08FFh -ABANK9=0900h-09FFh \
  -ABANK10=0A00h-0AFFh -ABANK11=0B00h-0BFFh -ABANK12=0C00h-0CFFh \
  -ABANK13=0D00h-0DFFh -ABANK14=0E00h-0EFFh -ABANK15=0F00h-0F7Fh \
  -ASFR=0F80h-0FFFh -ABIGSFR=0F80h-0FFFh -ACONFIG=0300000h-030000Dh \
  -AIDLOC=0200000h-0200007h -AEEDATA=0F00000h-0F003FFh -peeprom_data=EEDATA \
  -preset_vec=00h,intcode=08h,intcodelo,powerup,init -pramtop=01000h \
  -psmallconst=SMALLCONST -pmediumconst=MEDIUMCONST -pconst=CONST \
  -AFARRAM=00h-00h \
  -prdata=COMRAM,nvrram=COMRAM,nvbit=COMRAM,rbss=COMRAM,rbit=COMRAM \
  -pfarbss=FARRAM,fardata=FARRAM,nvFARRAM=FARRAM \
  -pintsave_regs=BIGRAM,bigbss=BIGRAM,bigdata=BIGRAM -pbss=RAM \
  -pidata=CODE,irdata=CODE,ibigdata=CODE,ifardata=CODE -prparam=COMRAM \
  C:\Users\MOUSTAFA\AppData\Local\Temp\xcAs4io.o \
  dist/default/production\TrafficLaightSystemBasedOn_Pic18f4620.production.o 

Object code version is 3.11

Machine type is 18F4620



                Name                               Link     Load   Length Selector   Space Scale
C:\Users\MOUSTAFA\AppData\Local\Temp\xcAs4io.o
                idloc                            200000   200000        8        0       5
                config                           300000   300000        E        0       4
                init                                  E        E        4        4       0
                reset_vec                             0        0        4        0       0
dist/default/production\TrafficLaightSystemBasedOn_Pic18f4620.production.o
                intcode                               8        8        6        4       0
                idloc                            200000   200000        8        0       5
                config                           300000   300000        E        0       4
                temp                                 58       58        1        1       1
                text17                              964      964        6        4       0
                text16                              8D4      8D4       38        4       0
                text15                              93E      93E       26        4       0
                text14                              89C      89C       38        4       0
                intcode_body                        790      790       56        4       0
                text12                              824      824       3E        4       0
                text11                              4F6      4F6       7E        4       0
                text10                              7E6      7E6       3E        4       0
                text9                               3B0      3B0       B8        4       0
                text8                                12       12      144        4       0
                text7                               284      284      12C        4       0
                text6                               6D2      6D2       62        4       0
                text5                               660      660       72        4       0
                text4                               5EA      5EA       76        4       0
                text3                               574      574       76        4       0
                text2                               734      734       5C        4       0
                text1                               468      468       8E        4       0
                text0                               156      156      12E        4       0
                cstackCOMRAM                         33       33       14        1       1
                dataCOMRAM                            1        1       32        1       1
                bssCOMRAM                            47       47       11        1       1
                cinit                               862      862       3A        4       0
                idataCOMRAM                         90C      90C       32        4       0

TOTAL           Name                               Link     Load   Length     Space
        CLASS   CODE           
                intcode                               8        8        6         0
                init                                  E        E        4         0
                reset_vec                             0        0        4         0
                text17                              964      964        6         0
                text16                              8D4      8D4       38         0
                text15                              93E      93E       26         0
                text14                              89C      89C       38         0
                intcode_body                        790      790       56         0
                text12                              824      824       3E         0
                text11                              4F6      4F6       7E         0
                text10                              7E6      7E6       3E         0
                text9                               3B0      3B0       B8         0
                text8                                12       12      144         0
                text7                               284      284      12C         0
                text6                               6D2      6D2       62         0
                text5                               660      660       72         0
                text4                               5EA      5EA       76         0
                text3                               574      574       76         0
                text2                               734      734       5C         0
                text1                               468      468       8E         0
                text0                               156      156      12E         0
                cinit                               862      862       3A         0
                idataCOMRAM                         90C      90C       32         0

        CLASS   CONST          

        CLASS   SMALLCONST     

        CLASS   MEDIUMCONST    

        CLASS   COMRAM         
                temp                                 58       58        1         1
                cstackCOMRAM                         33       33       14         1
                dataCOMRAM                            1        1       32         1
                bssCOMRAM                            47       47       11         1

        CLASS   ABS1           

        CLASS   BIGRAM         

        CLASS   RAM            

        CLASS   BANK0          

        CLASS   BANK1          

        CLASS   BANK2          

        CLASS   BANK3          

        CLASS   BANK4          

        CLASS   BANK5          

        CLASS   BANK6          

        CLASS   BANK7          

        CLASS   BANK8          

        CLASS   BANK9          

        CLASS   BANK10         

        CLASS   BANK11         

        CLASS   BANK12         

        CLASS   BANK13         

        CLASS   BANK14         

        CLASS   BANK15         

        CLASS   SFR            

        CLASS   BIGSFR         

        CLASS   CONFIG         
                config                           300000   300000        E         4

        CLASS   IDLOC          
                idloc                            200000   200000        8         5

        CLASS   EEDATA         

        CLASS   FARRAM         

        CLASS   HEAP           

        CLASS   STACK          



SEGMENTS        Name                           Load    Length   Top    Selector   Space  Class

                reset_vec                      000000  000004  000004         0       0  CODE    
                dataCOMRAM                     000001  000058  000059         1       1  COMRAM  
                intcode                        000008  000962  00096A         4       0  CODE    


UNUSED ADDRESS RANGES

        Name                Unused          Largest block    Delta
        BANK0            000080-0000FF               80
        BANK1            000100-0001FF              100
        BANK10           000A00-000AFF              100
        BANK11           000B00-000BFF              100
        BANK12           000C00-000CFF              100
        BANK13           000D00-000DFF              100
        BANK14           000E00-000EFF              100
        BANK15           000F00-000F7F               80
        BANK2            000200-0002FF              100
        BANK3            000300-0003FF              100
        BANK4            000400-0004FF              100
        BANK5            000500-0005FF              100
        BANK6            000600-0006FF              100
        BANK7            000700-0007FF              100
        BANK8            000800-0008FF              100
        BANK9            000900-0009FF              100
        BIGRAM           000059-000F7F              F27
        BIGSFR           000F80-000FFF               80
        CODE             000004-000007                4
                         00096A-00FFFF             F696
        COMRAM           000059-00007F               27
        CONST            000004-000007                4
                         00096A-00FFFF             F696
        EEDATA           F00000-F003FF              400
        MEDIUMCONST      001000-00FFFF             F000
        RAM              000080-000F7F              100
        SFR              000F80-000FFF               80
        SMALLCONST       001000-00FFFF              100

                                  Symbol Table

Timer1_Init@_timer                           cstackCOMRAM 000037
_ADCON1bits                                  (abs)        000FC1
_INTCONbits                                  (abs)        000FF2
_LATA                                        (abs)        000F89
_LATB                                        (abs)        000F8A
_LATC                                        (abs)        000F8B
_LATD                                        (abs)        000F8C
_LATE                                        (abs)        000F8D
_LedGreen                                    dataCOMRAM   000032
_LedRed                                      dataCOMRAM   000030
_LedYellow                                   dataCOMRAM   000031
_PIE1bits                                    (abs)        000F9D
_PIR1bits                                    (abs)        000F9E
_PORTA                                       (abs)        000F80
_PORTB                                       (abs)        000F81
_PORTC                                       (abs)        000F82
_PORTD                                       (abs)        000F83
_PORTE                                       (abs)        000F84
_SegObj                                      dataCOMRAM   000026
_T0CONbits                                   (abs)        000FD5
_T1CONbits                                   (abs)        000FCD
_TIMER0_ISR                                  text16       0008D4
_TIMER0_interruptHandler                     bssCOMRAM    00004F
_TIMER1_ISR                                  text14       00089C
_TIMER1_interruptHandler                     bssCOMRAM    00004B
_TMR0H                                       (abs)        000FD7
_TMR0L                                       (abs)        000FD6
_TMR1H                                       (abs)        000FCF
_TMR1L                                       (abs)        000FCE
_TRISA                                       (abs)        000F92
_TRISB                                       (abs)        000F93
_TRISC                                       (abs)        000F94
_TRISD                                       (abs)        000F95
_TRISE                                       (abs)        000F96
_Timer0Interrupt                             text17       000964
_Timer1InterruptHandler                      text15       00093E
_Timer1Obj                                   dataCOMRAM   00002B
_Timer1_Init                                 text9        0003B0
_TimerDelay                                  dataCOMRAM   000020
_ValueOfSecond                               bssCOMRAM    000053
__HRAM                                       (abs)        000000
__Habs1                                      abs1         000000
__Hbank0                                     bank0        000000
__Hbank1                                     bank1        000000
__Hbank10                                    bank10       000000
__Hbank11                                    bank11       000000
__Hbank12                                    bank12       000000
__Hbank13                                    bank13       000000
__Hbank14                                    bank14       000000
__Hbank15                                    bank15       000000
__Hbank2                                     bank2        000000
__Hbank3                                     bank3        000000
__Hbank4                                     bank4        000000
__Hbank5                                     bank5        000000
__Hbank6                                     bank6        000000
__Hbank7                                     bank7        000000
__Hbank8                                     bank8        000000
__Hbank9                                     bank9        000000
__Hbigbss                                    bigbss       000000
__Hbigdata                                   bigdata      000000
__Hbigram                                    bigram       000000
__Hbigsfr                                    bigsfr       000000
__Hbss                                       bss          000000
__HbssCOMRAM                                 bssCOMRAM    000000
__Hcinit                                     cinit        000000
__Hclrtext                                   clrtext      000000
__Hcomram                                    comram       000000
__Hconfig                                    config       30000E
__Hconst                                     const        000000
__HcstackCOMRAM                              cstackCOMRAM 000000
__Hdata                                      data         000000
__HdataCOMRAM                                dataCOMRAM   000000
__Heeprom_data                               eeprom_data  000000
__Hfarbss                                    farbss       000000
__Hfardata                                   fardata      000000
__Hheap                                      heap         000000
__Hibigdata                                  ibigdata     000000
__Hidata                                     idata        000000
__HidataCOMRAM                               idataCOMRAM  000000
__Hidloc                                     idloc        200008
__Hifardata                                  ifardata     000000
__Hinit                                      init         000012
__Hintcode                                   intcode      00000E
__Hintcode_body                              intcode_body 000000
__Hintcodelo                                 intcodelo    00000E
__Hintentry                                  intentry     000000
__Hintret                                    intret       000000
__Hintsave_regs                              intsave_regs 000000
__Hirdata                                    irdata       000000
__Hmediumconst                               mediumconst  000000
__HnvFARRAM                                  nvFARRAM     000000
__Hnvbit                                     nvbit        000000
__Hnvrram                                    nvrram       000000
__Hparam                                     rparam       000000
__Hpowerup                                   powerup      00000E
__Hram                                       ram          000000
__Hramtop                                    ramtop       001000
__Hrbit                                      rbit         000000
__Hrbss                                      rbss         000000
__Hrdata                                     rdata        000000
__Hreset_vec                                 reset_vec    000004
__Hrparam                                    rparam       000000
__Hsfr                                       sfr          000000
__Hsmallconst                                smallconst   000000
__Hspace_0                                   (abs)        001000
__Hspace_1                                   (abs)        000059
__Hspace_2                                   (abs)        000000
__Hspace_4                                   (abs)        60000E
__Hstack                                     stack        000000
__Hstruct                                    struct       000000
__Htemp                                      temp         000059
__Htext                                      text         000000
__Htext0                                     text0        000000
__Htext1                                     text1        000000
__Htext10                                    text10       000000
__Htext11                                    text11       000000
__Htext12                                    text12       000000
__Htext14                                    text14       000000
__Htext15                                    text15       000000
__Htext16                                    text16       000000
__Htext17                                    text17       000000
__Htext18                                    text18       000000
__Htext2                                     text2        000000
__Htext3                                     text3        000000
__Htext4                                     text4        000000
__Htext5                                     text5        000000
__Htext6                                     text6        000000
__Htext7                                     text7        000000
__Htext8                                     text8        000000
__Htext9                                     text9        000000
__LRAM                                       (abs)        000001
__Labs1                                      abs1         000000
__Lbank0                                     bank0        000000
__Lbank1                                     bank1        000000
__Lbank10                                    bank10       000000
__Lbank11                                    bank11       000000
__Lbank12                                    bank12       000000
__Lbank13                                    bank13       000000
__Lbank14                                    bank14       000000
__Lbank15                                    bank15       000000
__Lbank2                                     bank2        000000
__Lbank3                                     bank3        000000
__Lbank4                                     bank4        000000
__Lbank5                                     bank5        000000
__Lbank6                                     bank6        000000
__Lbank7                                     bank7        000000
__Lbank8                                     bank8        000000
__Lbank9                                     bank9        000000
__Lbigbss                                    bigbss       000000
__Lbigdata                                   bigdata      000000
__Lbigram                                    bigram       000000
__Lbigsfr                                    bigsfr       000000
__Lbss                                       bss          000000
__LbssCOMRAM                                 bssCOMRAM    000000
__Lcinit                                     cinit        000000
__Lclrtext                                   clrtext      000000
__Lcomram                                    comram       000000
__Lconfig                                    config       000000
__Lconst                                     const        000000
__LcstackCOMRAM                              cstackCOMRAM 000000
__Ldata                                      data         000000
__LdataCOMRAM                                dataCOMRAM   000000
__Leeprom_data                               eeprom_data  000000
__Lfarbss                                    farbss       000000
__Lfardata                                   fardata      000000
__Lheap                                      heap         000000
__Libigdata                                  ibigdata     000000
__Lidata                                     idata        000000
__LidataCOMRAM                               idataCOMRAM  000000
__Lidloc                                     idloc        000000
__Lifardata                                  ifardata     000000
__Linit                                      init         00000E
__Lintcode                                   intcode      000008
__Lintcode_body                              intcode_body 000000
__Lintcodelo                                 intcodelo    00000E
__Lintentry                                  intentry     000000
__Lintret                                    intret       000000
__Lintsave_regs                              intsave_regs 000000
__Lirdata                                    irdata       000000
__Lmediumconst                               mediumconst  000000
__LnvFARRAM                                  nvFARRAM     000000
__Lnvbit                                     nvbit        000000
__Lnvrram                                    nvrram       000000
__Lparam                                     rparam       000000
__Lpowerup                                   powerup      00000E
__Lram                                       ram          000000
__Lramtop                                    ramtop       001000
__Lrbit                                      rbit         000000
__Lrbss                                      rbss         000000
__Lrdata                                     rdata        000000
__Lreset_vec                                 reset_vec    000000
__Lrparam                                    rparam       000000
__Lsfr                                       sfr          000000
__Lsmallconst                                smallconst   000000
__Lspace_0                                   (abs)        000000
__Lspace_1                                   (abs)        000000
__Lspace_2                                   (abs)        000000
__Lspace_4                                   (abs)        000000
__Lstack                                     stack        000000
__Lstruct                                    struct       000000
__Ltemp                                      temp         000058
__Ltext                                      text         000000
__Ltext0                                     text0        000000
__Ltext1                                     text1        000000
__Ltext10                                    text10       000000
__Ltext11                                    text11       000000
__Ltext12                                    text12       000000
__Ltext14                                    text14       000000
__Ltext15                                    text15       000000
__Ltext16                                    text16       000000
__Ltext17                                    text17       000000
__Ltext18                                    text18       000000
__Ltext2                                     text2        000000
__Ltext3                                     text3        000000
__Ltext4                                     text4        000000
__Ltext5                                     text5        000000
__Ltext6                                     text6        000000
__Ltext7                                     text7        000000
__Ltext8                                     text8        000000
__Ltext9                                     text9        000000
__S0                                         (abs)        00096A
__S1                                         (abs)        000059
__S4                                         (abs)        000000
__S5                                         (abs)        000000
___heap_hi                                   (abs)        000000
___heap_lo                                   (abs)        000000
___inthi_sp                                  stack        000000
___intlo_sp                                  stack        000000
___param_bank                                (abs)        000000
___rparam_used                               (abs)        000001
___sp                                        stack        000000
__accesstop                                  (abs)        000080
__activetblptr                               (abs)        000002
__end_of_TIMER0_ISR                          text16       00090C
__end_of_TIMER1_ISR                          text14       0008D4
__end_of_Timer0Interrupt                     text17       00096A
__end_of_Timer1InterruptHandler              text15       000964
__end_of_Timer1_Init                         text9        000468
__end_of__initialization                     cinit        00088E
__end_of_gpio_Pin_Derction_Intialize         text8        000156
__end_of_gpio_Pin_Intialize                  text6        000734
__end_of_gpio_Pin_Write_Logic                text7        0003B0
__end_of_interruptManager                    intcode_body 0007E6
__end_of_led_initialize                      text5        0006D2
__end_of_led_turn_off                        text4        000660
__end_of_led_turn_on                         text3        0005EA
__end_of_main                                text0        000284
__end_of_seven_segment_initialize            text2        000790
__end_of_seven_segment_write_number          text1        0004F6
__end_of_timer1_oscillator_enable            text12       000862
__end_of_timer1_select_mode_timer_or_counter text11       000574
__end_of_timer1_select_reg_mode              text10       000824
__initialization                             cinit        000862
__mediumconst                                mediumconst  000000
__pbssCOMRAM                                 bssCOMRAM    000047
__pcinit                                     cinit        000862
__pcstackCOMRAM                              cstackCOMRAM 000033
__pdataCOMRAM                                dataCOMRAM   000001
__pidataCOMRAM                               idataCOMRAM  00090C
__pintcode                                   intcode      000008
__pintcode_body                              intcode_body 000790
__ptext0                                     text0        000156
__ptext1                                     text1        000468
__ptext10                                    text10       0007E6
__ptext11                                    text11       0004F6
__ptext12                                    text12       000824
__ptext14                                    text14       00089C
__ptext15                                    text15       00093E
__ptext16                                    text16       0008D4
__ptext17                                    text17       000964
__ptext18                                    text18       000000
__ptext2                                     text2        000734
__ptext3                                     text3        000574
__ptext4                                     text4        0005EA
__ptext5                                     text5        000660
__ptext6                                     text6        0006D2
__ptext7                                     text7        000284
__ptext8                                     text8        000012
__ptext9                                     text9        0003B0
__ramtop                                     ramtop       001000
__smallconst                                 smallconst   000000
_gpio_Pin_Derction_Intialize                 text8        000012
_gpio_Pin_Intialize                          text6        0006D2
_gpio_Pin_Write_Logic                        text7        000284
_interruptManager                            intcode      000008
_lat_registers                               dataCOMRAM   00000B
_led_initialize                              text5        000660
_led_turn_off                                text4        0005EA
_led_turn_on                                 text3        000574
_main                                        text0        000156
_port_registers                              dataCOMRAM   000001
_preload_timer                               bssCOMRAM    00004D
_preload_timer1                              bssCOMRAM    000049
_seven_segment_initialize                    text2        000734
_seven_segment_write_number                  text1        000468
_timer1_oscillator_enable                    text12       000824
_timer1_select_mode_timer_or_counter         text11       0004F6
_timer1_select_reg_mode                      text10       0007E6
_tris_registers                              dataCOMRAM   000015
_u16Counter                                  bssCOMRAM    000047
_u16DelayCounter                             bssCOMRAM    000051
_u8ValueOfSeg                                dataCOMRAM   00001F
btemp                                        temp         000058
end_of_initialization                        cinit        00088E
gpio_Pin_Derction_Intialize@pin_config       cstackCOMRAM 000035
gpio_Pin_Derction_Intialize@ret              cstackCOMRAM 00003D
gpio_Pin_Intialize@pin_config                cstackCOMRAM 00003F
gpio_Pin_Intialize@ret                       cstackCOMRAM 000042
gpio_Pin_Write_Logic@logic                   cstackCOMRAM 000037
gpio_Pin_Write_Logic@pin_config              cstackCOMRAM 000035
gpio_Pin_Write_Logic@ret                     cstackCOMRAM 00003E
int$flags                                    temp         000058
int_func                                     intcode_body 000790
intlevel0                                    text         000000
intlevel1                                    text         000000
intlevel2                                    text         000000
intlevel3                                    text         000000
isa$std                                      (abs)        000001
isa$xinst                                    (abs)        000000
led_initialize@F3047                         bssCOMRAM    000057
led_initialize@led                           cstackCOMRAM 000043
led_initialize@pin_config                    cstackCOMRAM 000046
led_turn_off@F3057                           bssCOMRAM    000055
led_turn_off@led                             cstackCOMRAM 00003F
led_turn_off@pin_config                      cstackCOMRAM 000042
led_turn_on@F3052                            bssCOMRAM    000056
led_turn_on@led                              cstackCOMRAM 00003F
led_turn_on@pin_config                       cstackCOMRAM 000042
led_turn_toggle@F3062                        bssCOMRAM    000054
seven_segment_initialize@ret                 cstackCOMRAM 000045
seven_segment_initialize@seg                 cstackCOMRAM 000043
seven_segment_write_number@number            cstackCOMRAM 000041
seven_segment_write_number@ret               cstackCOMRAM 000042
seven_segment_write_number@seg               cstackCOMRAM 00003F
stackhi                                      (abs)        000000
stacklo                                      (abs)        000000
start                                        init         00000E
start_initialization                         cinit        000862
timer1_oscillator_enable@_timer              cstackCOMRAM 000035
timer1_select_mode_timer_or_counter@_timer   cstackCOMRAM 000035
timer1_select_reg_mode@_timer                cstackCOMRAM 000035
ttemp5                                       temp         000059
ttemp6                                       temp         00005C
ttemp7                                       temp         000060
wtemp8                                       temp         000059


MODULE INFORMATION

Module		Function		Class		Link	Load	Size
ECU_Layer/7_seg/ecu_segment.c
		_seven_segment_initialize		CODE           	0734	0000	92
		_seven_segment_write_number		CODE           	0468	0000	142

ECU_Layer/7_seg/ecu_segment.c estimated size: 234

MCAL_Layer/Delay/M_Delay.c
		_Timer0Interrupt		CODE           	0964	0000	6

MCAL_Layer/Delay/M_Delay.c estimated size: 6

MCAL_Layer/TIMER1/hal_timer1.c
		_TIMER1_ISR    		CODE           	089C	0000	56
		_timer1_select_reg_mode		CODE           	07E6	0000	62
		_Timer1_Init   		CODE           	03B0	0000	184
		_timer1_oscillator_enable		CODE           	0824	0000	62
		_timer1_select_mode_timer_or_counter		CODE           	04F6	0000	126

MCAL_Layer/TIMER1/hal_timer1.c estimated size: 490

MCAL_Layer/TIMER0/hal_timer0.c
		_TIMER0_ISR    		CODE           	08D4	0000	56

MCAL_Layer/TIMER0/hal_timer0.c estimated size: 56

shared
		__initialization		CODE           	0862	0000	44

shared estimated size: 44

MCAL_Layer/GPIO/hal_gpio.c
		_gpio_Pin_Write_Logic		CODE           	0284	0000	300
		_gpio_Pin_Intialize		CODE           	06D2	0000	98
		_gpio_Pin_Derction_Intialize		CODE           	0012	0000	324

MCAL_Layer/GPIO/hal_gpio.c estimated size: 722

ECU_Layer/led/ecu_led.c
		_led_initialize		CODE           	0660	0000	114
		_led_turn_on   		CODE           	0574	0000	118
		_led_turn_off  		CODE           	05EA	0000	118

ECU_Layer/led/ecu_led.c estimated size: 350

application.c
		_main          		CODE           	0156	0000	302
		_Timer1InterruptHandler		CODE           	093E	0000	38

application.c estimated size: 340

MCAL_Layer/interrupt/mcal_interrupt_manager.c
		_interruptManager		CODE           	0008	0000	92

MCAL_Layer/interrupt/mcal_interrupt_manager.c estimated size: 92

